// Jest Snapshot v1, https://goo.gl/fbAQLP

exports[`matches snapshot 1`] = `
<DocumentFragment>
  <button
    class="sc-bdfBwQ dmPsJE"
    type="button"
  />
</DocumentFragment>
`;
